Albury City Council: Could not find the 'ModificationApplicationNumber' column of 'development_applications' in the schema cache
Albury City Council: Could not find the 'ModificationApplicationNumber' column of 'development_applications' in the schema cache
Albury City Council: Could not find the 'BuildingHeight' column of 'development_applications' in the schema cache
Albury City Council: Could not find the 'BuildingHeight' column of 'development_applications' in the schema cache
Armidale Regional Council: Could not find the 'BuildingHeight' column of 'development_applications' in the schema cache
Albury City Council: Could not find the 'BuildingHeight' column of 'development_applications' in the schema cache
Armidale Regional Council: Could not find the 'BuildingHeight' column of 'development_applications' in the schema cache
Albury City Council: Could not find the 'BuildingHeight' column of 'development_applications' in the schema cache
Albury City Council: Could not find the 'AccompaniedByVPAFlag' column of 'development_applications' in the schema cache
Albury City Council: Could not find the 'AccompaniedByVPAFlag' column of 'development_applications' in the schema cache
Armidale Regional Council: Could not find the 'AccompaniedByVPAFlag' column of 'development_applications' in the schema cache
Ballina Shire Council: Could not find the 'AccompaniedByVPAFlag' column of 'development_applications' in the schema cache
Albury City Council: Could not find the 'AccompaniedByVPAFlag' column of 'development_applications' in the schema cache
Armidale Regional Council: Could not find the 'AccompaniedByVPAFlag' column of 'development_applications' in the schema cache
Ballina Shire Council: Could not find the 'AccompaniedByVPAFlag' column of 'development_applications' in the schema cache
Bathurst Regional Council: Could not find the 'AccompaniedByVPAFlag' column of 'development_applications' in the schema cache
Bayside Council: Could not find the 'AccompaniedByVPAFlag' column of 'development_applications' in the schema cache
Bega Valley Shire Council: Could not find the 'AccompaniedByVPAFlag' column of 'development_applications' in the schema cache
Bellingen Shire Council: Could not find the 'AccompaniedByVPAFlag' column of 'development_applications' in the schema cache
Berrigan Shire Council: Could not find the 'AccompaniedByVPAFlag' column of 'development_applications' in the schema cache
Blacktown City Council: Could not find the 'AccompaniedByVPAFlag' column of 'development_applications' in the schema cache
Albury City Council: Could not find the 'application_status' column of 'development_applications' in the schema cache
Armidale Regional Council: Could not find the 'application_status' column of 'development_applications' in the schema cache
Albury City Council: null value in column "modificationapplicationnumber" of relation "development_applications" violates not-null constraint
Albury City Council: null value in column "determinationdate" of relation "development_applications" violates not-null constraint
Albury City Council: null value in column "determinationdate" of relation "development_applications" violates not-null constraint
Armidale Regional Council: null value in column "determinationdate" of relation "development_applications" violates not-null constraint
Ballina Shire Council: null value in column "costofdevelopment" of relation "development_applications" violates not-null constraint
Bathurst Regional Council: null value in column "costofdevelopment" of relation "development_applications" violates not-null constraint
Bayside Council: null value in column "determinationdate" of relation "development_applications" violates not-null constraint
Bega Valley Shire Council: Could not find the 'accompanied_by_vpa_flag' column of 'development_applications' in the schema cache
Bellingen Shire Council: Could not find the 'accompanied_by_vpa_flag' column of 'development_applications' in the schema cache
Berrigan Shire Council: Could not find the 'accompanied_by_vpa_flag' column of 'development_applications' in the schema cache
Blacktown City Council: Could not find the 'accompanied_by_vpa_flag' column of 'development_applications' in the schema cache
Albury City Council: Could not find the 'accompanied_by_vpa_flag' column of 'development_applications' in the schema cache
Bland Shire Council: Could not find the 'accompanied_by_vpa_flag' column of 'development_applications' in the schema cache
Armidale Regional Council: Could not find the 'accompanied_by_vpa_flag' column of 'development_applications' in the schema cache
Ballina Shire Council: Could not find the 'accompanied_by_vpa_flag' column of 'development_applications' in the schema cache
Blayney Shire Council: Could not find the 'accompanied_by_vpa_flag' column of 'development_applications' in the schema cache
Bathurst Regional Council: Could not find the 'accompanied_by_vpa_flag' column of 'development_applications' in the schema cache
Blue Mountains City Council: Could not find the 'applicationstatus' column of 'development_applications' in the schema cache
Bayside Council: Could not find the 'applicationstatus' column of 'development_applications' in the schema cache
Bogan Shire Council: Could not find the 'applicationstatus' column of 'development_applications' in the schema cache
Bega Valley Shire Council: Could not find the 'applicationstatus' column of 'development_applications' in the schema cache
Bourke Shire Council: Could not find the 'applicationstatus' column of 'development_applications' in the schema cache
Bellingen Shire Council: Could not find the 'applicationstatus' column of 'development_applications' in the schema cache
Brewarrina Shire Council: Could not find the 'applicationstatus' column of 'development_applications' in the schema cache
Berrigan Shire Council: Could not find the 'applicationstatus' column of 'development_applications' in the schema cache
Broken Hill City Council: Could not find the 'applicationstatus' column of 'development_applications' in the schema cache
Blacktown City Council: Could not find the 'applicationstatus' column of 'development_applications' in the schema cache
Burwood Council: Could not find the 'applicationstatus' column of 'development_applications' in the schema cache
Bland Shire Council: Could not find the 'applicationstatus' column of 'development_applications' in the schema cache
Byron Shire Council: Could not find the 'applicationstatus' column of 'development_applications' in the schema cache
Camden Council: Could not find the 'applicationstatus' column of 'development_applications' in the schema cache
Campbelltown City Council: Could not find the 'applicationstatus' column of 'development_applications' in the schema cache
Canterbury-Bankstown Council: Could not find the 'applicationstatus' column of 'development_applications' in the schema cache
Central Coast Council: Could not find the 'applicationstatus' column of 'development_applications' in the schema cache
Central Darling Shire Council: Could not find the 'applicationstatus' column of 'development_applications' in the schema cache
Cessnock City Council: Could not find the 'applicationstatus' column of 'development_applications' in the schema cache
City of Canada Bay Council: Could not find the 'applicationstatus' column of 'development_applications' in the schema cache
City of Parramatta Council: Could not find the 'applicationstatus' column of 'development_applications' in the schema cache
Clarence Valley Council: Could not find the 'applicationstatus' column of 'development_applications' in the schema cache
Cobar Shire Council: Could not find the 'applicationstatus' column of 'development_applications' in the schema cache
Coffs Harbour City Council: Could not find the 'applicationstatus' column of 'development_applications' in the schema cache
Coolamon Shire Council: Could not find the 'applicationstatus' column of 'development_applications' in the schema cache
Coonamble Shire Council: Could not find the 'applicationstatus' column of 'development_applications' in the schema cache
Cootamundra-Gundagai Regional Council: Could not find the 'applicationstatus' column of 'development_applications' in the schema cache
Cowra Shire Council: Could not find the 'applicationstatus' column of 'development_applications' in the schema cache
Cumberland Council: Could not find the 'applicationstatus' column of 'development_applications' in the schema cache
Dubbo Regional Council: Could not find the 'applicationstatus' column of 'development_applications' in the schema cache
Dungog Shire Council: Could not find the 'applicationstatus' column of 'development_applications' in the schema cache
Edward River Council: Could not find the 'applicationstatus' column of 'development_applications' in the schema cache
Eurobodalla Shire Council: Could not find the 'applicationstatus' column of 'development_applications' in the schema cache
Fairfield City Council: Could not find the 'applicationstatus' column of 'development_applications' in the schema cache
Federation Council: Could not find the 'applicationstatus' column of 'development_applications' in the schema cache
Forbes Shire Council: Could not find the 'applicationstatus' column of 'development_applications' in the schema cache
Georges River Council: Could not find the 'applicationstatus' column of 'development_applications' in the schema cache
Gilgandra Shire Council: Could not find the 'applicationstatus' column of 'development_applications' in the schema cache
Glen Innes Severn Shire Council: Could not find the 'applicationstatus' column of 'development_applications' in the schema cache
Goulburn Mulwaree Council: Could not find the 'applicationstatus' column of 'development_applications' in the schema cache
Greater Hume Shire Council: Could not find the 'applicationstatus' column of 'development_applications' in the schema cache
Griffith City Council: Could not find the 'applicationstatus' column of 'development_applications' in the schema cache
Gunnedah Shire Council: Could not find the 'applicationstatus' column of 'development_applications' in the schema cache
Gwydir Shire Council: Could not find the 'applicationstatus' column of 'development_applications' in the schema cache
Hawkesbury City Council: Could not find the 'applicationstatus' column of 'development_applications' in the schema cache
Hay Shire Council: Could not find the 'applicationstatus' column of 'development_applications' in the schema cache
Hilltops Council: Could not find the 'applicationstatus' column of 'development_applications' in the schema cache
Inner West Council: Could not find the 'applicationstatus' column of 'development_applications' in the schema cache
Inverell Shire Council: Could not find the 'applicationstatus' column of 'development_applications' in the schema cache
Junee Shire Council: Could not find the 'applicationstatus' column of 'development_applications' in the schema cache
Kempsey Shire Council: Could not find the 'applicationstatus' column of 'development_applications' in the schema cache
Canterbury-Bankstown Council: terminated
Ku-ring-gai Council: Could not find the 'applicationstatus' column of 'development_applications' in the schema cache
Kyogle Council: Could not find the 'applicationstatus' column of 'development_applications' in the schema cache
Lachlan Shire Council: Could not find the 'applicationstatus' column of 'development_applications' in the schema cache
Central Coast Council: terminated
Lake Macquarie City Council: Could not find the 'applicationstatus' column of 'development_applications' in the schema cache
Lane Cove Municipal Council: Could not find the 'applicationstatus' column of 'development_applications' in the schema cache
Leeton Shire Council: Could not find the 'applicationstatus' column of 'development_applications' in the schema cache
Lismore City Council: Could not find the 'applicationstatus' column of 'development_applications' in the schema cache
Lithgow City Council: Could not find the 'applicationstatus' column of 'development_applications' in the schema cache
Liverpool City Council: Could not find the 'applicationstatus' column of 'development_applications' in the schema cache
Liverpool Plains Shire Council: Could not find the 'applicationstatus' column of 'development_applications' in the schema cache
Cabonne Council: fetch failed
City of Parramatta Council: fetch failed
Lockhart Shire Council: Could not find the 'applicationstatus' column of 'development_applications' in the schema cache
City of Sydney: fetch failed
Maitland City Council: Could not find the 'applicationstatus' column of 'development_applications' in the schema cache
